info: axiward-m0-l1: no previous manifest, creating one from scratch
info: toolchain not updated; already up-to-date
✔ [2/10] Built Axiward.Spec (760ms)
✖ [3/10] Building Axiward.Queue (788ms)
error: build failed
trace: .> LEAN_PATH=LEGACY_WORKSPACE\outputs\axiward-m0-l1\evidence\20260917T152255Z-b604f8\project\.lake\build\lib\lean LEGACY_WORKSPACE\work\m0-l1\lean-4.34.0-windows\bin\lean.exe LEGACY_WORKSPACE\outputs\axiward-m0-l1\evidence\20260917T152255Z-b604f8\project\Axiward\Queue.lean -o LEGACY_WORKSPACE\outputs\axiward-m0-l1\evidence\20260917T152255Z-b604f8\project\.lake\build\lib\lean\Axiward\Queue.olean -i LEGACY_WORKSPACE\outputs\axiward-m0-l1\evidence\20260917T152255Z-b604f8\project\.lake\build\lib\lean\Axiward\Queue.ilean -c LEGACY_WORKSPACE\outputs\axiward-m0-l1\evidence\20260917T152255Z-b604f8\project\.lake\build\ir\Axiward\Queue.c --setup LEGACY_WORKSPACE\outputs\axiward-m0-l1\evidence\20260917T152255Z-b604f8\project\.lake\build\ir\Axiward\Queue.setup.json --json
error: Axiward/Queue.lean:28:48: omega could not prove the goal:
a possible counterexample may satisfy the constraints
  c ≥ 0
  b ≥ 0
  a ≥ 0
  a - b ≥ 1
  a - b - c ≤ 0
where
 a := ↑n
 b := ↑q.items.length
 c := ↑[].length
error: Axiward/Queue.lean:28:6: This simp argument is unused:
  List.length_singleton

Hint: Omit it from the simp argument list.
  [apply] simp only [nextItems, List.length_append, List.length_cons]

Note: This linter can be disabled with `set_option linter.unusedSimpArgs false`
Some required targets logged failures:
- Axiward.Queue
